/expanse/lustre/projects/slc103/sbore/research_storage/ice_liquid_interface/TIP4P_ICE/IceII_Liquid/5-BiasedCoexistence/test
exp-9-56
Thu Jan  6 03:11:31 PST 2022
/expanse/lustre/projects/slc103/sbore/research_storage/ice_liquid_interface/TIP4P_ICE/IceII_Liquid/5-BiasedCoexistence/test
LAMMPS (30 Jul 2021)
Running on 4 partitions of processors
LAMMPS (30 Jul 2021)
Running on 4 partitions of processors
LAMMPS (30 Jul 2021)
Running on 4 partitions of processors
LAMMPS (30 Jul 2021)
Running on 4 partitions of processors
LAMMPS (30 Jul 2021)
Running on 4 partitions of processors
LAMMPS (30 Jul 2021)
Running on 4 partitions of processors
