/expanse/lustre/projects/slc103/sbore/research_storage/ice_liquid_interface/TIP4P_ICE/IceII_Liquid/5-BiasedCoexistence/test
exp-9-56
Thu Jan  6 03:21:27 PST 2022
/expanse/lustre/projects/slc103/sbore/research_storage/ice_liquid_interface/TIP4P_ICE/IceII_Liquid/5-BiasedCoexistence/test
LAMMPS (30 Jul 2021)
Running on 4 partitions of processors
LAMMPS (30 Jul 2021)
Running on 4 partitions of processors
[1641468354.063105] [exp-9-56:49882:0]          mpool.c:42   UCX  WARN  object 0x4077000 was not returned to mpool ucp_requests
LAMMPS (30 Jul 2021)
Running on 4 partitions of processors
LAMMPS (30 Jul 2021)
Running on 4 partitions of processors
LAMMPS (30 Jul 2021)
Running on 4 partitions of processors
LAMMPS (30 Jul 2021)
Running on 4 partitions of processors
